[    0.000000] Initializing cgroup subsys cpuset
[    0.000000] Initializing cgroup subsys cpu
[    0.000000] Initializing cgroup subsys cpuacct
[    0.000000] Linux version 4.4.0-139-generic (buildd@lgw01-amd64-031) (gcc version 5.4.0 20160609 (Ubuntu 5.4.0-6ubuntu1~16.04.10) ) #165-Ubuntu SMP Wed Oct 24 10:55:26 UTC 2018 (Ubuntu 4.4.0-139.165-generic 4.4.160)
[    0.000000] KERNEL supported cpus:
[    0.000000]   Intel GenuineIntel
[    0.000000]   AMD AuthenticAMD
[    0.000000]   NSC Geode by NSC
[    0.000000]   Cyrix CyrixInstead
[    0.000000]   Centaur CentaurHauls
[    0.000000]   Transmeta GenuineTMx86
[    0.000000]   Transmeta TransmetaCPU
[    0.000000]   UMC UMC UMC UMC
[    0.000000] x86/fpu: xstate_offset[2]:  576, xstate_sizes[2]:  256
[    0.000000] x86/fpu: Supporting XSAVE feature 0x01: 'x87 floating point registers'
[    0.000000] x86/fpu: Supporting XSAVE feature 0x02: 'SSE registers'
[    0.000000] x86/fpu: Supporting XSAVE feature 0x04: 'AVX registers'
[    0.000000] x86/fpu: Enabled xstate features 0x7, context size is 832 bytes, using 'standard' format.
[    0.000000] e820: BIOS-provided physical RAM map:
[    0.000000] BIOS-e820: [mem 0x0000000000000000-0x000000000009fbff] usable
[    0.000000] BIOS-e820: [mem 0x000000000009fc00-0x000000000009ffff] reserved
[    0.000000] BIOS-e820: [mem 0x00000000000f0000-0x00000000000fffff] reserved
[    0.000000] BIOS-e820: [mem 0x0000000000100000-0x000000007ffeffff] usable
[    0.000000] BIOS-e820: [mem 0x000000007fff0000-0x000000007fffffff] ACPI data
[    0.000000] BIOS-e820: [mem 0x00000000fec00000-0x00000000fec00fff] reserved
[    0.000000] BIOS-e820: [mem 0x00000000fee00000-0x00000000fee00fff] reserved
[    0.000000] BIOS-e820: [mem 0x00000000fffc0000-0x00000000ffffffff] reserved
[    0.000000] NX (Execute Disable) protection: active
[    0.000000] SMBIOS 2.5 present.
[    0.000000] Hypervisor detected: KVM
[    0.000000] e820: last_pfn = 0x7fff0 max_arch_pfn = 0x1000000
[    0.000000] MTRR: Disabled
[    0.000000] x86/PAT: MTRRs disabled, skipping PAT initialization too.
[    0.000000] CPU MTRRs all blank - virtualized system.
[    0.000000] x86/PAT: Configuration [0-7]: WB  WT  UC- UC  WB  WT  UC- UC  
[    0.000000] found SMP MP-table at [mem 0x0009fff0-0x0009ffff] mapped at [c009fff0]
[    0.000000] Scanning 1 areas for low memory corruption
[    0.000000] RAMDISK: [mem 0x3631a000-0x37184fff]
[    0.000000] ACPI: Early table checksum verification disabled
[    0.000000] ACPI: RSDP 0x00000000000E0000 000024 (v02 VBOX  )
[    0.000000] ACPI: XSDT 0x000000007FFF0030 00003C (v01 VBOX   VBOXXSDT 00000001 ASL  00000061)
[    0.000000] ACPI: FACP 0x000000007FFF00F0 0000F4 (v04 VBOX   VBOXFACP 00000001 ASL  00000061)
[    0.000000] ACPI: DSDT 0x000000007FFF0470 0021FF (v02 VBOX   VBOXBIOS 00000002 INTL 20100528)
[    0.000000] ACPI: FACS 0x000000007FFF0200 000040
[    0.000000] ACPI: FACS 0x000000007FFF0200 000040
[    0.000000] ACPI: APIC 0x000000007FFF0240 000054 (v02 VBOX   VBOXAPIC 00000001 ASL  00000061)
[    0.000000] ACPI: SSDT 0x000000007FFF02A0 0001CC (v01 VBOX   VBOXCPUT 00000002 INTL 20100528)
[    0.000000] 1155MB HIGHMEM available.
[    0.000000] 891MB LOWMEM available.
[    0.000000]   mapped low ram: 0 - 37bfe000
[    0.000000]   low ram: 0 - 37bfe000
[    0.000000] kvm-clock: Using msrs 4b564d01 and 4b564d00
[    0.000000] kvm-clock: cpu 0, msr 0:37bfd001, primary cpu clock
[    0.000000] kvm-clock: using sched offset of 13647943698 cycles
[    0.000000] clocksource: kvm-clock: mask: 0xffffffffffffffff max_cycles: 0x1cd42e4dffb, max_idle_ns: 881590591483 ns
[    0.000000] Zone ranges:
[    0.000000]   DMA      [mem 0x0000000000001000-0x0000000000ffffff]
[    0.000000]   Normal   [mem 0x0000000001000000-0x0000000037bfdfff]
[    0.000000]   HighMem  [mem 0x0000000037bfe000-0x000000007ffeffff]
[    0.000000] Movable zone start for each node
[    0.000000] Early memory node ranges
[    0.000000]   node   0: [mem 0x0000000000001000-0x000000000009efff]
[    0.000000]   node   0: [mem 0x0000000000100000-0x000000007ffeffff]
[    0.000000] Initmem setup node 0 [mem 0x0000000000001000-0x000000007ffeffff]
[    0.000000] Using APIC driver default
[    0.000000] ACPI: PM-Timer IO Port: 0x4008
[    0.000000] IOAPIC[0]: apic_id 1, version 32, address 0xfec00000, GSI 0-23
[    0.000000] ACPI: INT_SRC_OVR (bus 0 bus_irq 0 global_irq 2 dfl dfl)
[    0.000000] ACPI: INT_SRC_OVR (bus 0 bus_irq 9 global_irq 9 low level)
[    0.000000] Using ACPI (MADT) for SMP configuration information
[    0.000000] smpboot: Allowing 1 CPUs, 0 hotplug CPUs
[    0.000000] PM: Registered nosave memory: [mem 0x00000000-0x00000fff]
[    0.000000] PM: Registered nosave memory: [mem 0x0009f000-0x0009ffff]
[    0.000000] PM: Registered nosave memory: [mem 0x000a0000-0x000effff]
[    0.000000] PM: Registered nosave memory: [mem 0x000f0000-0x000fffff]
[    0.000000] e820: [mem 0x80000000-0xfebfffff] available for PCI devices
[    0.000000] Booting paravirtualized kernel on KVM
[    0.000000] clocksource: refined-jiffies: mask: 0xffffffff max_cycles: 0xffffffff, max_idle_ns: 7645519600211568 ns
[    0.000000] setup_percpu: NR_CPUS:8 nr_cpumask_bits:8 nr_cpu_ids:1 nr_node_ids:1
[    0.000000] PERCPU: Embedded 19 pages/cpu @f71c3000 s47436 r0 d30388 u77824
[    0.000000] PV qspinlock hash table entries: 512 (order: 0, 4096 bytes)
[    0.000000] Built 1 zonelists in Zone order, mobility grouping on.  Total pages: 521944
[    0.000000] Kernel command line: BOOT_IMAGE=/boot/vmlinuz-4.4.0-139-generic root=UUID=1fcf1ded-2dc3-40a5-a562-f1e6dbe028b1 ro console=tty1 console=ttyS0
[    0.000000] PID hash table entries: 4096 (order: 2, 16384 bytes)
[    0.000000] Dentry cache hash table entries: 131072 (order: 7, 524288 bytes)
[    0.000000] Inode-cache hash table entries: 65536 (order: 6, 262144 bytes)
[    0.000000] Initializing CPU#0
[    0.000000] Initializing HighMem for node 0 (00037bfe:0007fff0)
[    0.000000] Initializing Movable for node 0 (00000000:00000000)
[    0.000000] Memory: 2046452K/2096696K available (8050K kernel code, 782K rwdata, 3180K rodata, 952K init, 800K bss, 50244K reserved, 0K cma-reserved, 1183688K highmem)
[    0.000000] virtual kernel memory layout:
[    0.000000]     fixmap  : 0xfff15000 - 0xfffff000   ( 936 kB)
[    0.000000]     pkmap   : 0xffc00000 - 0xffe00000   (2048 kB)
[    0.000000]     vmalloc : 0xf83fe000 - 0xffbfe000   ( 120 MB)
[    0.000000]     lowmem  : 0xc0000000 - 0xf7bfe000   ( 891 MB)
[    0.000000]       .init : 0xc1bbe000 - 0xc1cac000   ( 952 kB)
[    0.000000]       .data : 0xc17dcc84 - 0xc1bbc980   (3967 kB)
[    0.000000]       .text : 0xc1000000 - 0xc17dcc84   (8051 kB)
[    0.000000] Checking if this processor honours the WP bit even in supervisor mode...Ok.
[    0.000000] SLUB: HWalign=64, Order=0-3, MinObjects=0, CPUs=1, Nodes=1
[    0.000000] Hierarchical RCU implementation.
[    0.000000] 	Build-time adjustment of leaf fanout to 32.
[    0.000000] 	RCU restricting CPUs from NR_CPUS=8 to nr_cpu_ids=1.
[    0.000000] RCU: Adjusting geometry for rcu_fanout_leaf=32, nr_cpu_ids=1
[    0.000000] NR_IRQS:2304 nr_irqs:256 16
[    0.000000] Console: colour VGA+ 80x25
[    0.000000] console [tty1] enabled
[    0.000000] console [ttyS0] enabled
[    0.000000] allocated 2097152 bytes of page_ext
[    0.000000] tsc: Detected 2592.002 MHz processor
[    4.545069] Calibrating delay loop (skipped) preset value.. 5184.00 BogoMIPS (lpj=10368008)
[    4.597368] pid_max: default: 32768 minimum: 301
[    4.623135] ACPI: Core revision 20150930
[    4.652635] ACPI: 2 ACPI AML tables successfully acquired and loaded
[    4.695307] Security Framework initialized
[    4.725772] Yama: becoming mindful.
[    4.754264] AppArmor: AppArmor initialized
[    4.781919] Mount-cache hash table entries: 2048 (order: 1, 8192 bytes)
[    4.828832] Mountpoint-cache hash table entries: 2048 (order: 1, 8192 bytes)
[    4.873249] Initializing cgroup subsys io
[    4.900429] Initializing cgroup subsys memory
[    4.930520] Initializing cgroup subsys devices
[    4.962888] Initializing cgroup subsys freezer
[    4.995611] Initializing cgroup subsys net_cls
[    5.027481] Initializing cgroup subsys perf_event
[    5.056784] Initializing cgroup subsys net_prio
[    5.089043] Initializing cgroup subsys hugetlb
[    5.123802] Initializing cgroup subsys pids
[    5.161194] mce: CPU supports 0 MCE banks
[    5.190408] process: using mwait in idle threads
[    5.222946] Last level iTLB entries: 4KB 64, 2MB 8, 4MB 8
[    5.251899] Last level dTLB entries: 4KB 64, 2MB 0, 4MB 0, 1GB 4
[    5.286009] Spectre V2 : Mitigation: Full generic retpoline
[    5.322402] Spectre V2 : Spectre v2 mitigation: Speculation control IBPB not-supported IBRS not-supported
[    5.384554] Spectre V2 : Spectre v2 / SpectreRSB mitigation: Filling RSB on context switch
[    5.455110] Speculative Store Bypass: Vulnerable
[    5.707970] Freeing SMP alternatives memory: 32K
[    5.887358] ftrace: allocating 31552 entries in 62 pages
[    6.597153] smpboot: APIC(0) Converting physical 0 to logical package 0
[    6.637610] smpboot: Max logical packages: 1
[    6.663421] Enabling APIC mode:  Flat.  Using 1 I/O APICs
[    6.723807] ..TIMER: vector=0x30 apic1=0 pin1=2 apic2=-1 pin2=-1
[    6.857510] APIC calibration not consistent with PM-Timer: 97ms instead of 100ms
[    6.911220] APIC delta adjusted to PM-Timer: 6288442 (6161147)
[    6.951796] smpboot: CPU0: Intel(R) Core(TM) i7-6500U CPU @ 2.50GHz (family: 0x6, model: 0x4e, stepping: 0x3)
[    7.015246] Performance Events: unsupported p6 CPU model 78 no PMU driver, software events only.
[    7.073186] KVM setup paravirtual spinlock
[    7.104590] x86: Booted up 1 node, 1 CPUs
[    7.128816] smpboot: Total of 1 processors activated (5184.00 BogoMIPS)
[    7.171676] devtmpfs: initialized
[    7.193444] evm: security.selinux
[    7.215560] evm: security.SMACK64
[    7.239704] evm: security.SMACK64EXEC
[    7.263383] evm: security.SMACK64TRANSMUTE
[    7.288788] evm: security.SMACK64MMAP
[    7.315827] evm: security.ima
[    7.337199] evm: security.capability
[    7.360352] clocksource: jiffies: mask: 0xffffffff max_cycles: 0xffffffff, max_idle_ns: 7645041785100000 ns
[    7.424150] futex hash table entries: 256 (order: 2, 16384 bytes)
[    7.459591] pinctrl core: initialized pinctrl subsystem
[    7.494528] RTC time:  7:50:30, date: 01/04/19
[    7.522147] NET: Registered protocol family 16
[    7.547590] EISA bus registered
[    7.570598] cpuidle: using governor ladder
[    7.599685] cpuidle: using governor menu
[    7.630375] PCCT header not found.
[    7.657353] ACPI: bus type PCI registered
[    7.685545] acpiphp: ACPI Hot Plug PCI Controller Driver version: 0.5
[    7.726179] PCI : PCI BIOS area is rw and x. Use pci=nobios if you want it NX.
[    7.776082] PCI: PCI BIOS revision 2.10 entry at 0xfda26, last bus=0
[    7.811344] PCI: Using configuration type 1 for base access
[    7.849363] ACPI: Added _OSI(Module Device)
[    7.874065] ACPI: Added _OSI(Processor Device)
[    7.901948] ACPI: Added _OSI(3.0 _SCP Extensions)
[    7.933629] ACPI: Added _OSI(Processor Aggregator Device)
[    7.978706] ACPI: Executed 1 blocks of module-level executable AML code
[    8.039560] ACPI: Interpreter enabled
[    8.066783] ACPI: (supports S0 S5)
[    8.357450] ACPI: Using IOAPIC for interrupt routing
[    8.385732] PCI: Using host bridge windows from ACPI; if necessary, use "pci=nocrs" and report a bug
[    8.470100] ACPI: PCI Root Bridge [PCI0] (domain 0000 [bus 00-ff])
[    8.501904] acpi PNP0A03:00: _OSC: OS supports [ASPM ClockPM Segments MSI]
[    8.537091] acpi PNP0A03:00: _OSC: not requesting OS control; OS requires [ExtendedConfig ASPM ClockPM MSI]
[    8.589257] acpi PNP0A03:00: fail to add MMCONFIG information, can't access extended PCI configuration space under this bridge.
[    8.652767] PCI host bridge to bus 0000:00
[    8.676080] pci_bus 0000:00: root bus resource [io  0x0000-0x0cf7 window]
[    8.713949] pci_bus 0000:00: root bus resource [io  0x0d00-0xffff window]
[    8.755288] pci_bus 0000:00: root bus resource [mem 0x000a0000-0x000bffff window]
[    8.802152] pci_bus 0000:00: root bus resource [mem 0x80000000-0xfdffffff window]
[    8.846418] pci_bus 0000:00: root bus resource [bus 00-ff]
[    8.924730] pci 0000:00:01.1: legacy IDE quirk: reg 0x10: [io  0x01f0-0x01f7]
[    8.959991] pci 0000:00:01.1: legacy IDE quirk: reg 0x14: [io  0x03f6]
[    8.995706] pci 0000:00:01.1: legacy IDE quirk: reg 0x18: [io  0x0170-0x0177]
[    9.053408] pci 0000:00:01.1: legacy IDE quirk: reg 0x1c: [io  0x0376]
[    9.317350] pci 0000:00:07.0: quirk: [io  0x4000-0x403f] claimed by PIIX4 ACPI
[    9.372975] pci 0000:00:07.0: quirk: [io  0x4100-0x410f] claimed by PIIX4 SMB
[    9.542314] ACPI: PCI Interrupt Link [LNKA] (IRQs 5 9 10 *11)
[    9.618060] ACPI: PCI Interrupt Link [LNKB] (IRQs 5 9 *10 11)
[    9.683878] ACPI: PCI Interrupt Link [LNKC] (IRQs 5 *9 10 11)
[    9.749087] ACPI: PCI Interrupt Link [LNKD] (IRQs 5 9 10 *11)
[    9.821954] ACPI: Enabled 2 GPEs in block 00 to 07
[    9.876395] vgaarb: setting as boot device: PCI:0000:00:02.0
[    9.916398] vgaarb: device added: PCI:0000:00:02.0,decodes=io+mem,owns=io+mem,locks=none
[    9.976390] vgaarb: loaded
[   10.000657] vgaarb: bridge control possible 0000:00:02.0
[   10.038845] SCSI subsystem initialized
[   10.068223] ACPI: bus type USB registered
[   10.099086] usbcore: registered new interface driver usbfs
[   10.141571] usbcore: registered new interface driver hub
[   10.188087] usbcore: registered new device driver usb
[   10.233375] PCI: Using ACPI for IRQ routing
[   10.271490] NetLabel: Initializing
[   10.298480] NetLabel:  domain hash size = 128
[   10.330538] NetLabel:  protocols = UNLABELED CIPSOv4
[   10.367616] NetLabel:  unlabeled traffic allowed by default
[   10.406743] amd_nb: Cannot enumerate AMD northbridges
[   10.442034] clocksource: Switched to clocksource kvm-clock
[   10.509852] AppArmor: AppArmor Filesystem Enabled
[   10.542372] pnp: PnP ACPI init
[   10.583220] pnp: PnP ACPI: found 3 devices
[   10.611722] PnPBIOS: Disabled by ACPI PNP
[   10.687271] clocksource: acpi_pm: mask: 0xffffff max_cycles: 0xffffff, max_idle_ns: 2085701024 ns
[   10.753153] NET: Registered protocol family 2
[   10.790342] TCP established hash table entries: 8192 (order: 3, 32768 bytes)
[   10.834695] TCP bind hash table entries: 8192 (order: 4, 65536 bytes)
[   10.879632] TCP: Hash tables configured (established 8192 bind 8192)
[   10.938197] UDP hash table entries: 512 (order: 2, 16384 bytes)
[   11.025945] UDP-Lite hash table entries: 512 (order: 2, 16384 bytes)
[   11.088983] NET: Registered protocol family 1
[   11.128754] pci 0000:00:00.0: Limiting direct PCI/PCI transfers
[   11.202815] pci 0000:00:01.0: Activating ISA DMA hang workarounds
[   11.291630] Unpacking initramfs...
[   13.550091] Freeing initrd memory: 14764K
[   13.623629] platform rtc_cmos: registered platform RTC device (no PNP device found)
[   13.726065] Scanning for low memory corruption every 60 seconds
[   13.778795] audit: initializing netlink subsys (disabled)
[   13.823517] audit: type=2000 audit(1546588242.825:1): initialized
[   13.884299] Initialise system trusted keyring
[   13.925054] HugeTLB registered 2 MB page size, pre-allocated 0 pages
[   13.987667] zbud: loaded
[   14.022760] VFS: Disk quotas dquot_6.6.0
[   14.059980] VFS: Dquot-cache hash table entries: 1024 (order 0, 4096 bytes)
[   14.120982] squashfs: version 4.0 (2009/01/31) Phillip Lougher
[   14.171596] fuse init (API version 7.23)
[   14.219501] Key type big_key registered
[   14.259601] Allocating IMA MOK and blacklist keyrings.
[   14.308509] Key type asymmetric registered
[   14.345133] Asymmetric key parser 'x509' registered
[   14.389459] bounce: pool size: 64 pages
[   14.433129] Block layer SCSI generic (bsg) driver version 0.4 loaded (major 249)
[   14.525506] io scheduler noop registered
[   14.567027] io scheduler deadline registered (default)
[   14.609657] io scheduler cfq registered
[   14.647956] pci_hotplug: PCI Hot Plug PCI Core version: 0.5
[   14.702012] pciehp: PCI Express Hot Plug Controller Driver version: 0.4
[   14.768155] ACPI: AC Adapter [AC] (off-line)
[   14.819978] input: Power Button as /devices/LNXSYSTM:00/LNXPWRBN:00/input/input0
[   14.889542] ACPI: Power Button [PWRF]
[   14.922076] input: Sleep Button as /devices/LNXSYSTM:00/LNXSLPBN:00/input/input1
[   14.980477] ACPI: Sleep Button [SLPF]
[   15.018757] GHES: HEST is not enabled!
[   15.055313] ACPI: Battery Slot [BAT0] (battery present)
[   15.095880] Serial: 8250/16550 driver, 32 ports, IRQ sharing enabled
[   15.141955] isapnp: Scanning for PnP cards...
[   15.318425] 00:02: ttyS0 at I/O 0x3f8 (irq = 4, base_baud = 115200) is a 16550A
[   15.595322] Linux agpgart interface v0.103
[   15.712017] loop: module loaded
[   15.747552] scsi host0: ata_piix
[   15.852801] scsi host1: ata_piix
[   15.881959] ata1: PATA max UDMA/33 cmd 0x1f0 ctl 0x3f6 bmdma 0xd000 irq 14
[   15.929611] ata2: PATA max UDMA/33 cmd 0x170 ctl 0x376 bmdma 0xd008 irq 15
[   16.115370] libphy: Fixed MDIO Bus: probed
[   16.160074] tun: Universal TUN/TAP device driver, 1.6
[   16.201246] tun: (C) 1999-2004 Max Krasnyansky <maxk@qualcomm.com>
[   16.357369] PPP generic driver version 2.4.2
[   16.469748] isapnp: No Plug & Play device found
[   16.506520] ehci_hcd: USB 2.0 'Enhanced' Host Controller (EHCI) Driver
[   16.556167] ehci-pci: EHCI PCI platform driver
[   16.590701] ehci-platform: EHCI generic platform driver
[   16.634576] ohci_hcd: USB 1.1 'Open' Host Controller (OHCI) Driver
[   16.680285] ohci-pci: OHCI PCI platform driver
[   16.717921] ohci-platform: OHCI generic platform driver
[   16.758061] uhci_hcd: USB Universal Host Controller Interface driver
[   16.803358] i8042: PNP: PS/2 Controller [PNP0303:PS2K,PNP0f03:PS2M] at 0x60,0x64 irq 1,12
[   16.882550] serio: i8042 KBD port at 0x60,0x64 irq 1
[   16.920900] serio: i8042 AUX port at 0x60,0x64 irq 12
[   16.968858] mousedev: PS/2 mouse device common for all mice
[   17.029635] input: AT Translated Set 2 keyboard as /devices/platform/i8042/serio0/input/input2
[   17.120259] rtc_cmos rtc_cmos: rtc core: registered rtc_cmos as rtc0
[   17.176711] rtc_cmos rtc_cmos: alarms up to one day, 114 bytes nvram
[   17.224061] i2c /dev entries driver
[   17.256110] device-mapper: uevent: version 1.0.3
[   17.295793] device-mapper: ioctl: 4.34.0-ioctl (2015-10-28) initialised: dm-devel@redhat.com
[   17.379899] platform eisa.0: Probing EISA bus 0
[   17.422855] platform eisa.0: EISA: Cannot allocate resource for mainboard
[   17.478950] platform eisa.0: Cannot allocate resource for EISA slot 1
[   17.528740] platform eisa.0: Cannot allocate resource for EISA slot 2
[   17.601104] platform eisa.0: Cannot allocate resource for EISA slot 3
[   17.651505] platform eisa.0: Cannot allocate resource for EISA slot 4
[   17.704078] platform eisa.0: Cannot allocate resource for EISA slot 5
[   17.778106] platform eisa.0: Cannot allocate resource for EISA slot 6
[   17.844395] platform eisa.0: Cannot allocate resource for EISA slot 7
[   17.908298] platform eisa.0: Cannot allocate resource for EISA slot 8
[   17.956268] platform eisa.0: EISA: Detected 0 cards
[   17.992840] cpufreq-nforce2: No nForce2 chipset.
[   18.034177] ledtrig-cpu: registered to indicate activity on CPUs
[   18.078883] NET: Registered protocol family 10
[   18.113277] NET: Registered protocol family 17
[   18.148447] Key type dns_resolver registered
[   18.182198] Using IPI No-Shortcut mode
[   18.215876] registered taskstats version 1
[   18.248664] Loading compiled-in X.509 certificates
[   18.292381] Loaded X.509 cert 'Build time autogenerated kernel key: 497b9af16d4bdcbfb679e812a757b9e8ff37ccf4'
[   18.367327] zswap: loaded using pool lzo/zbud
[   18.402991] Key type trusted registered
[   18.442670] Key type encrypted registered
[   18.476981] AppArmor: AppArmor sha1 policy hashing enabled
[   18.526841] ima: No TPM chip found, activating TPM-bypass!
[   18.568780] ima: Allocated hash algorithm: sha1
[   18.609601] evm: HMAC attrs: 0x1
[   18.649436]   Magic number: 3:795:823
[   18.682033] rtc_cmos rtc_cmos: setting system clock to 2019-01-04 07:50:41 UTC (1546588241)
[   18.741520] BIOS EDD facility v0.16 2004-Jun-25, 0 devices found
[   18.784702] EDD information not available.
[   18.828117] Freeing unused kernel memory: 952K
[   18.875022] Write protecting the kernel text: 8052k
[   18.914286] Write protecting the kernel read-only data: 3184k
[   18.960262] NX-protecting the kernel data: 6284k
Loading, please wait...
starting version 229
[   19.061684] random: udevadm: uninitialized urandom read (16 bytes read, 8 bits of entropy available)
[   19.139435] random: systemd-udevd: uninitialized urandom read (16 bytes read, 8 bits of entropy available)
[   19.243386] random: systemd-udevd: uninitialized urandom read (16 bytes read, 8 bits of entropy available)
[   19.330222] random: udevadm: uninitialized urandom read (16 bytes read, 8 bits of entropy available)
[   19.404843] random: systemd-udevd: uninitialized urandom read (16 bytes read, 8 bits of entropy available)
[   19.477403] random: udevadm: uninitialized urandom read (16 bytes read, 8 bits of entropy available)
[   20.039382] random: udevadm: uninitialized urandom read (16 bytes read, 8 bits of entropy available)
[   20.107983] random: udevadm: uninitialized urandom read (16 bytes read, 8 bits of entropy available)
[   20.169197] random: udevadm: uninitialized urandom read (16 bytes read, 8 bits of entropy available)
[   20.253651] random: udevadm: uninitialized urandom read (16 bytes read, 8 bits of entropy available)
[   20.434253] Fusion MPT base driver 3.04.20
[   20.463647] Copyright (c) 1999-2008 LSI Corporation
[   20.524631] e1000: Intel(R) PRO/1000 Network Driver - version 7.3.21-k8-NAPI
[   20.576666] e1000: Copyright (c) 1999-2006 Intel Corporation.
[   20.785999] Fusion MPT SPI Host driver 3.04.20
[   21.022053] input: ImExPS/2 Generic Explorer Mouse as /devices/platform/i8042/serio1/input/input4
[   23.616923] e1000 0000:00:03.0 eth0: (PCI:33MHz:32-bit) 02:d4:45:2a:49:3f
[   23.659342] e1000 0000:00:03.0 eth0: Intel(R) PRO/1000 Network Connection
[   23.705520] mptbase: ioc0: Initiating bringup
[   23.811251] ioc0: LSI53C1030 A0: Capabilities={Initiator}
[   24.047965] scsi host2: ioc0: LSI53C1030 A0, FwRev=00000000h, Ports=1, MaxQ=256, IRQ=20
[   24.219315] scsi 2:0:0:0: Direct-Access     VBOX     HARDDISK         1.0  PQ: 0 ANSI: 5
[   24.290163] scsi target2:0:0: Beginning Domain Validation
[   24.403365] scsi target2:0:0: Domain Validation skipping write tests
[   24.440418] scsi target2:0:0: Ending Domain Validation
[   24.549139] scsi target2:0:0: asynchronous
[   24.648092] scsi 2:0:1:0: Direct-Access     VBOX     HARDDISK         1.0  PQ: 0 ANSI: 5
[   24.766029] scsi target2:0:1: Beginning Domain Validation
[   25.018190] scsi target2:0:1: Domain Validation skipping write tests
[   25.056209] scsi target2:0:1: Ending Domain Validation
[   25.189872] scsi target2:0:1: asynchronous
[   25.765136] sd 2:0:0:0: Attached scsi generic sg0 type 0
[   25.797512] sd 2:0:0:0: [sda] 20971520 512-byte logical blocks: (10.7 GB/10.0 GiB)
[   25.885856] sd 2:0:1:0: [sdb] 20480 512-byte logical blocks: (10.5 MB/10.0 MiB)
[   25.932725] sd 2:0:1:0: Attached scsi generic sg1 type 0
[   26.001020] sd 2:0:0:0: [sda] Write Protect is off
[   26.067366] sd 2:0:1:0: [sdb] Write Protect is off
[   26.100425] sd 2:0:0:0: [sda] Incomplete mode parameter data
[   26.136155] sd 2:0:0:0: [sda] Assuming drive cache: write through
[   26.209760] sd 2:0:1:0: [sdb] Incomplete mode parameter data
[   26.244072] sd 2:0:1:0: [sdb] Assuming drive cache: write through
[   26.396039]  sda: sda1
[   26.463500] sd 2:0:1:0: [sdb] Attached SCSI disk
[   26.499383] sd 2:0:0:0: [sda] Attached SCSI disk
[   27.788468] e1000 0000:00:08.0 eth1: (PCI:33MHz:32-bit) 08:00:27:d4:62:25
[   27.832362] e1000 0000:00:08.0 eth1: Intel(R) PRO/1000 Network Connection
[   27.917875] e1000 0000:00:08.0 enp0s8: renamed from eth1
[   27.963966] e1000 0000:00:03.0 enp0s3: renamed from eth0
Begin: Loading essential drivers ... [   37.791312] md: linear personality registered for level -1
[   37.845875] md: multipath personality registered for level -4
[   37.892269] md: raid0 personality registered for level 0
[   37.942718] md: raid1 personality registered for level 1
[   38.058466] raid6: mmxx1    gen()  2463 MB/s
[   38.154673] raid6: mmxx2    gen()  2771 MB/s
[   38.250401] raid6: sse1x1   gen()  2109 MB/s
[   38.346486] raid6: sse1x2   gen()  2864 MB/s
[   38.442841] raid6: sse2x1   gen()  4775 MB/s
[   38.562723] raid6: sse2x1   xor()  2270 MB/s
[   38.658622] raid6: sse2x2   gen()  7000 MB/s
[   38.758413] raid6: sse2x2   xor()  3456 MB/s
[   38.858733] raid6: avx2x1   gen()  7522 MB/s
[   38.958292] raid6: avx2x2   gen() 11283 MB/s
[   38.987838] raid6: using algorithm avx2x2 gen() 11283 MB/s
[   39.025216] raid6: using avx2x1 recovery algorithm
[   39.072030] xor: automatically using best checksumming function:
[   39.150765]    avx       : 10701.000 MB/sec
[   39.188423] async_tx: api initialized (async)
[   39.272131] md: raid6 personality registered for level 6
[   39.306303] md: raid5 personality registered for level 5
[   39.342091] md: raid4 personality registered for level 4
[   39.398817] md: raid10 personality registered for level 10
done.
Begin: Running /scripts/init-premount ... done.
Begin: Mounting root file system ... Begin: Running /scripts/local-top ... done.
Begin: Running /scripts/local-premount ... [   39.679022] Btrfs loaded
Scanning for Btrfs filesystems
[   39.749751] random: nonblocking pool is initialized
done.
Warning: fsck not present, so skipping root file system
[   39.860692] EXT4-fs (sda1): INFO: recovery required on readonly filesystem
[   39.902057] EXT4-fs (sda1): write access will be enabled during recovery
[   40.769884] EXT4-fs (sda1): orphan cleanup on readonly fs
[   40.805263] EXT4-fs (sda1): 6 orphan inodes deleted
[   40.838144] EXT4-fs (sda1): recovery complete
[   40.870463] EXT4-fs (sda1): mounted filesystem with ordered data mode. Opts: (null)
done.
Begin: Running /scripts/local-bottom ... done.
Begin: Running /scripts/init-bottom ... done.
[   41.234047] systemd[1]: systemd 229 running in system mode. (+PAM +AUDIT +SELINUX +IMA +APPARMOR +SMACK +SYSVINIT +UTMP +LIBCRYPTSETUP +GCRYPT +GNUTLS +ACL +XZ -LZ4 +SECCOMP +BLKID +ELFUTILS +KMOD -IDN)
[   41.349818] systemd[1]: Detected virtualization oracle.
[   41.383970] systemd[1]: Detected architecture x86.

Welcome to [1mUbuntu 16.04.5 LTS[0m!

[   41.459944] systemd[1]: Set hostname to <kouosl>.
[   42.043618] systemd[1]: Created slice User and Session Slice.
[[0;32m  OK  [0m] Created slice User and Session Slice.
[   42.131272] systemd[1]: Reached target User and Group Name Lookups.
[[0;32m  OK  [0m] Reached target User and Group Name Lookups.
[   42.223323] systemd[1]: Created slice System Slice.
[[0;32m  OK  [0m] Created slice System Slice.
[   42.304633] systemd[1]: Reached target Slices.
[[0;32m  OK  [0m] Reached target Slices.
[   42.375939] systemd[1]: Started Forward Password Requests to Wall Directory Watch.
[[0;32m  OK  [0m] Started Forward Password Requests to Wall Directory Watch.
[   42.487736] systemd[1]: Set up automount Arbitrary Executable File Formats File System Automount Point.
[[0;32m  OK  [0m] Set up automount Arbitrary Executab...ats File System Automount Point.
[   42.607451] systemd[1]: Reached target Encrypted Volumes.
[[0;32m  OK  [0m] Reached target Encrypted Volumes.
[   42.687113] systemd[1]: Listening on udev Kernel Socket.
[[0;32m  OK  [0m] Listening on udev Kernel Socket.
[   42.766210] systemd[1]: Listening on LVM2 metadata daemon socket.
[[0;32m  OK  [0m] Listening on LVM2 metadata daemon socket.
[   42.852835] systemd[1]: Listening on Syslog Socket.
[[0;32m  OK  [0m] Listening on Syslog Socket.
[   42.935412] systemd[1]: Listening on udev Control Socket.
[[0;32m  OK  [0m] Listening on udev Control Socket.
[   43.019493] systemd[1]: Listening on LVM2 poll daemon socket.
[[0;32m  OK  [0m] Listening on LVM2 poll daemon socket.
[   43.107554] systemd[1]: Created slice system-serial\x2dgetty.slice.
[[0;32m  OK  [0m] Created slice system-serial\x2dgetty.slice.
[   43.197785] systemd[1]: Listening on Journal Socket (/dev/log).
[[0;32m  OK  [0m] Listening on Journal Socket (/dev/log).
[   43.279700] systemd[1]: Listening on Journal Audit Socket.
[[0;32m  OK  [0m] Listening on Journal Audit Socket.
[   43.371047] systemd[1]: Listening on /dev/initctl Compatibility Named Pipe.
[[0;32m  OK  [0m] Listening on /dev/initctl Compatibility Named Pipe.
[   43.460605] systemd[1]: Reached target Swap.
[[0;32m  OK  [0m] Reached target Swap.
[   43.533950] systemd[1]: Started Trigger resolvconf update for networkd DNS.
[[0;32m  OK  [0m] Started Trigger resolvconf update for networkd DNS.
[   43.636352] systemd[1]: Listening on Journal Socket.
[[0;32m  OK  [0m] Listening on Journal Socket.
[   43.724345] systemd[1]: Starting Set console keymap...
         Starting Set console keymap...
[   43.808760] systemd[1]: Starting Journal Service...
         Starting Journal Service...
[   43.927401] systemd[1]: Mounting Debug File System...
         Mounting Debug File System...
[   44.072090] systemd[1]: Mounting POSIX Message Queue File System...
         Mounting POSIX Message Queue File System...
[   44.228273] systemd[1]: Starting Uncomplicated firewall...
         Starting Uncomplicated firewall...
[   44.336034] systemd[1]: Starting Remount Root and Kernel File Systems...
         [   44.402527] EXT4-fs (sda1): re-mounted. Opts: (null)
Starting Remount Root and Kernel File Systems...
[   44.464009] systemd[1]: Starting Load Kernel Modules...
         Starting Load Kernel Modules...
[   44.570382] systemd[1]: Starting Nameserver information manager...
[   44.610603] Loading iSCSI transport class v2.0-870.
         Starting Nameserver information manager...[   44.697480] iscsi: registered transport (tcp)

[   44.736661] systemd[1]: Listening on Device-mapper event daemon FIFOs.
[[0;32m  OK  [0m] Listening on Device-mapper event daemon FIFOs.
[   44.877899] systemd[1]: Reached target System Time Synchronized.
[[0;32m  OK  [0m] Reached target System Time Synchronized.
[   45.027294] systemd[1]: Starting Create list of required static device nodes for the current kernel...
         Starting Create list of required st... nodes for the current kernel...[   45.161753] iscsi: registered transport (iser)

[   45.206193] systemd[1]: Starting Monitoring of LVM2 mirrors, snapshots etc. using dmeventd or progress polling...
         Starting Monitoring of LVM2 mirrors... dmeventd or progress polling...
[   45.343569] systemd[1]: Mounting Huge Pages File System...
         Mounting Huge Pages File System...
[   45.437625] systemd[1]: Mounted Debug File System.
[[0;32m  OK  [0m] Mounted Debug File System.
[   45.546470] systemd[1]: Mounted Huge Pages File System.
[[0;32m  OK  [0m] Mounted Huge Pages File System.
[   45.629495] systemd[1]: Mounted POSIX Message Queue File System.
[[0;32m  OK  [0m] Mounted POSIX Message Queue File System.
[   45.735863] systemd[1]: Started Journal Service.
[[0;32m  OK  [0m] Started Journal Service.
[[0;32m  OK  [0m] Started Set console keymap.
[[0;32m  OK  [0m] Started Uncomplicated firewall.
[[0;32m  OK  [0m] Started Remount Root and Kernel File Systems.
[[0;32m  OK  [0m] Started Load Kernel Modules.
[[0;32m  OK  [0m] Started Create list of required sta...ce nodes for the current kernel.
[[0;32m  OK  [0m] Started Nameserver information manager.
[[0;32m  OK  [0m] Started LVM2 metadata daemon.
         Starting Create Static Device Nodes in /dev...
         Starting Apply Kernel Variables...
         Mounting FUSE Control File System...
         Starting udev Coldplug all Devices...
         Starting Load/Save Random Seed...
         Starting Flush Journal to Persistent Storage...
[[0;32m  OK  [0m] Mounted FUSE Control File System.
[[0;32m  OK  [0m] Started Create Static Device Nodes in /dev.
[[0;32m  OK  [0m] Started Apply Kernel Variables.
[[0;32m  OK  [0m] Started Monitoring of LVM2 mirrors,...ng dmeventd or progress polling.
[[0;32m  OK  [0m] Started Load/Save Random Seed.
[[0;32m  OK  [0m] Started udev Coldplug all Devices.
[[0;32m  OK  [0m] Started Flush Journal to Persistent Storage.
         Starting udev Kernel Device Manager...
[[0;32m  OK  [0m] Started udev Kernel Device Manager.
[[0;32m  OK  [0m] Started Dispatch Password Requests to Console Directory Watch.
[[0;32m  OK  [0m] Reached target Local File Systems (Pre).
[[0;32m  OK  [0m] Reached target Local File Systems.
         Starting Tell Plymouth To Write Out Runtime Data...
         Starting Initial cloud-init job (pre-networking)...
         Starting Create Volatile Files and Directories...
         Starting LSB: AppArmor initialization...
         Starting Set console font and keymap...
[[0;32m  OK  [0m] Started Tell Plymouth To Write Out Runtime Data.
[[0;32m  OK  [0m] Started Create Volatile Files and Directories.
         Starting Update UTMP about System Boot/Shutdown...
[[0;32m  OK  [0m] Started LSB: AppArmor initialization.
[[0;32m  OK  [0m] Started Initial cloud-init job (pre-networking).[   46.127496] 
cloud-init[488]: Cloud-init v. 18.3-9-g2e62cb8a-0ubuntu1~16.04.2 running 'init-local' at Fri, 04 Jan 2019 07:51:15 +0000. Up 44.16 seconds.
[[0;32m  OK  [0m] Started Update UTMP about System Boot/Shutdown.
[[0;32m  OK  [0m] Found device /dev/ttyS0.
[[0;32m  OK  [0m] Listening on Load/Save RF Kill Switch Status /dev/rfkill Watch.
[[0;32m  OK  [0m] Reached target Network (Pre).
[[0;32m  OK  [0m] Started ifup for enp0s8.
[[0;32m  OK  [0m] Started ifup for enp0s3.
         Starting Raise network interfaces...
[[0;32m  OK  [0m] Started Set console font and keymap.
[[0;32m  OK  [0m] Created slice system-getty.slice.
[[0;32m  OK  [0m] Started Raise network interfaces.
[[0;32m  OK  [0m] Reached target Network.
         Starting Initial cloud-init job (metadata service crawler)...
[   69.507135] cloud-init[1068]: Cloud-init v. 18.3-9-g2e62cb8a-0ubuntu1~16.04.2 running 'init' at Fri, 04 Jan 2019 07:51:40 +0000. Up 68.43 seconds.
[[   69.808953] [0;32m  OK  [0mcloud-init] Started Initial cloud-init job (metadata service crawler).[1068]: ci-info: ++++++++++++++++++++++++++++++++++++++Net device info+++++++++++++++++++++++++++++++++++++++
[[0;32m  OK  [0m
[   69.947332] ] Reached target System Initialization.cloud-init
[1068]: ci-info: +--------+------+-----------------------------+---------------+--------+-------------------+[[0;32m  OK  [0m] Started Daily Cleanup of Temporary Directories.
[[0;32m  OK  [0m
] [   70.109014] Listening on D-Bus System Message Bus Socket.cloud-init[1068]: ci-info: | Device |  Up  |           Address           |      Mask     | Scope  |     Hw-Address    |
         Starting Socket activation for snappy daemon.
[[0;32m  OK  [0m
[   70.216005] ] cloud-initListening on UUID daemon activation socket.[1068]: ci-info: +--------+------+-----------------------------+---------------+--------+-------------------+
         Starting LXD - unix socket.

[[   70.325645] [0;32m  OK  [0mcloud-init] Listening on ACPID Listen Socket.[1068]: ci-info: | enp0s3 | True |          10.0.2.15          | 255.255.255.0 | global | 02:d4:45:2a:49:3f |

[[0;32m  OK  [0m[   70.419941] ] cloud-initStarted ACPI Events Check.[1068]: 
[[0;32m  OK  [0mci-info: | enp0s3 | True |  fe80::d4:45ff:fe2a:493f/64 |       .       |  link  | 02:d4:45:2a:49:3f |] Reached target Paths.

[   70.539143] cloud-init[[0;32m  OK  [0m[1068]: ci-info: | enp0s8 | True |        192.168.83.137       | 255.255.255.0 | global | 08:00:27:d4:62:25 |] Started Daily apt download activities.
[[0;32m  OK  [0m
[   70.629815] ] Started Daily apt upgrade and clean activities.cloud-init[1068]: ci-info: | enp0s8 | True | fe80::a00:27ff:fed4:6225/64 |       .       |  link  | 08:00:27:d4:62:25 |
[[0;32m  OK  [0m] Reached target Timers.

[[0;32m  OK  [0m[   70.734957] ] cloud-initReached target Network is Online.[1068]: ci-info: |   lo   | True |          127.0.0.1          |   255.0.0.0   |  host  |         .         |
         Starting iSCSI initiator daemon (iscsid)...

[[   70.842369] [0;32m  OK  [0m] cloud-initReached target Cloud-config availability.[1068]: ci-info: |   lo   | True |           ::1/128           |       .       |  host  |         .         |
[[0;32m  OK  [0m] Listening on Socket activation for snappy daemon.
[   70.966759] cloud-init
[[1068]: [0;32m  OK  [0mci-info: +--------+------+-----------------------------+---------------+--------+-------------------+] Listening on LXD - unix socket.

[[0;32m  OK  [0m[   71.093526] ] cloud-initStarted iSCSI initiator daemon (iscsid).[1068]: ci-info: ++++++++++++++++++++++++++++Route IPv4 info++++++++++++++++++++++++++++

         [   71.228047] Starting Login to default iSCSI targets...cloud-init[1068]: ci-info: +-------+--------------+----------+---------------+-----------+-------+
[[0;32m  OK  [0m] Reached target Sockets.
[   71.337824] 
cloud-init[[0;32m  OK  [0m[1068]: ci-info: | Route | Destination  | Gateway  |    Genmask    | Interface | Flags |] Reached target Basic System.
         
Starting Accounts Service...[   71.447888] 
cloud-init[[0;32m  OK  [0m[1068]: ] ci-info: +-------+--------------+----------+---------------+-----------+-------+Started D-Bus System Message Bus.

[   71.562121] cloud-init[1068]: ci-info: |   0   |   0.0.0.0    | 10.0.2.2 |    0.0.0.0    |   enp0s3  |   UG  |
[   71.659657] cloud-init[1068]: ci-info: |   1   |   10.0.2.0   | 0.0.0.0  | 255.255.255.0 |   enp0s3  |   U   |
[   71.756369] cloud-init[1068]: ci-info: |   2   | 192.168.83.0 | 0.0.0.0  | 255.255.255.0 |   enp0s8  |   U   |
         Starting System Logging Service...[   71.838884] 
cloud-init[[0;32m  OK  [0m] [1068]: Started Deferred execution scheduler.ci-info: +-------+--------------+----------+---------------+-----------+-------+
         Starting Login Service...
[[0;32m  OK  [0m
] Started Unattended Upgrades Shutdown.[   72.093643] cloud-init
[1068]: ci-info: +++++++++++++++++++Route IPv6 info+++++++++++++++++++[[0;32m  OK  [0m
] [   72.172009] Started ACPI event daemon.cloud-init
[1068]:          ci-info: +-------+-------------+---------+-----------+-------+Starting Virtualbox guest utils...

         Starting OpenBSD Secure Shell server...
[[   72.364507] [0;32m  OK  [0m] Started FUSE filesystem for LXC.cloud-init[1068]: 
         ci-info: | Route | Destination | Gateway | Interface | Flags |Starting LXD - container startup/shutdown...
         
Starting Snappy daemon...[   72.524461] 
         Starting /etc/rc.local Compatibility...cloud-init[1068]: 
ci-info: +-------+-------------+---------+-----------+-------+[[0;32m  OK  [0m
] Started Regular background program processing daemon.[   72.687143] cloud-init
         Starting LSB: MD monitoring daemon...
         Starting LSB: Record successful boot for GRUB...
[[0;32m  OK  [0m[1068]: ] Started System Logging Service.
[[0;32m  OK  [0m] ci-info: |   0   |  fe80::/64  |    ::   |   enp0s8  |   U   |Started /etc/rc.local Compatibility.

[[0;32m  OK  [0m[   73.007591] ] Started Login to default iSCSI targets.
cloud-init[[0;32m  OK  [0m[1068]: ci-info: |   1   |  fe80::/64  |    ::   |   enp0s3  |   U   |] Started OpenBSD Secure Shell server.

[   73.449015] [[0;32m  OK  [0mcloud-init] Started LXD - container startup/shutdown.
[1068]: [[0;32m  OK  [0m] Started LSB: Record successful boot for GRUB.ci-info: |   6   |   ff00::/8  |    ::   |   enp0s8  |   U   |
[[0;32m  OK  [0m] Started LSB: MD monitoring daemon.

[   74.053761] cloud-init         Starting Authenticate and Authorize Users to Run Privileged Tasks...[1068]: ci-info: |   7   |   ff00::/8  |    ::   |   enp0s3  |   U   |
[[0;32m  OK  [0m] Reached target Remote File Systems (Pre).

[[0;32m  OK  [0m[   74.318539] ] Reached target Remote File Systems.
         Starting LSB: automatic crash report generation...cloud-init
         [1068]: Starting LSB: Start and stop the mysql database server daemon...
         Starting LSB: daemon to balance interrupts for SMP systems...ci-info: +-------+-------------+---------+-----------+-------+
         Starting LSB: Set the CPU Frequency Scaling governor to "ondemand"...
         Starting Permit User Sessions...

         Starting LSB: Apache2 web server...
[[0;32m  OK  [0m] Started Snappy daemon.
[[0;32m  OK  [0m] Started Virtualbox guest utils.
[[0;32m  OK  [0m] Started Permit User Sessions.
[[0;32m  OK  [0m] Started Login Service.
[[0;32m  OK  [0m] Started Authenticate and Authorize Users to Run Privileged Tasks.
[[0;32m  OK  [0m] Started Accounts Service.
[[0;32m  OK  [0m] Started LSB: Set the CPU Frequency Scaling governor to "ondemand".
[[0;32m  OK  [0m] Started LSB: automatic crash report generation.
[[0;32m  OK  [0m] Created slice User Slice of vagrant.
[[0;32m  OK  [0m] Started Session 1 of user vagrant.
         Starting User Manager for UID 1000...
         Starting Hold until boot process finishes up...
         Starting Terminate Plymouth Boot Screen...
         Starting Wait until snapd is fully seeded...
[[0;32m  OK  [0m] Started User Manager for UID 1000.
[[0;32m  OK  [0m] Started LSB: daemon to balance interrupts for SMP systems.
[[0;32m  OK  [0m] Started Hold until boot process finishes up.
[[0;32m  OK  [0m] Started Terminate Plymouth Boot Screen.
[[0;32m  OK  [0m] Started Wait until snapd is fully seeded.
         Starting Apply the settings specified in cloud-config...
         Starting Set console scheme...
[[0;32m  OK  [0m] Started Getty on tty1.
[[0;32m  OK  [0m] Started Serial Getty on ttyS0.
[[0;32m  OK  [0m] Reached target Login Prompts.
[[0;32m  OK  [0m] Started Set console scheme.
[[0;32m  OK  [0m] Started LSB: Apache2 web server.
[[0;32m  OK  [0m] Started LSB: Start and stop the mysql database server daemon.
[[0;32m  OK  [0m] Reached target Multi-User System.
[   81.772975] [[0;32m  OK  [0mcloud-init] Reached target Graphical Interface.[1420]: 
         Cloud-init v. 18.3-9-g2e62cb8a-0ubuntu1~16.04.2 running 'modules:config' at Fri, 04 Jan 2019 07:51:52 +0000. Up 80.58 seconds.Starting Update UTMP about System Runlevel Changes...
[[0;32m  OK  [0m] Started Update UTMP about System Runlevel Changes.


Ubuntu 16.04.5 LTS kouosl ttyS0

kouosl login: [   85.416581] cloud-init[1883]: Cloud-init v. 18.3-9-g2e62cb8a-0ubuntu1~16.04.2 running 'modules:final' at Fri, 04 Jan 2019 07:51:56 +0000. Up 84.77 seconds.
[   85.582214] cloud-init[1883]: Cloud-init v. 18.3-9-g2e62cb8a-0ubuntu1~16.04.2 finished at Fri, 04 Jan 2019 07:51:57 +0000. Datasource DataSourceNoCloud [seed=/dev/sdb][dsmode=net].  Up 85.39 seconds
